// Jest Snapshot v1, https://goo.gl/fbAQLP

exports[`EmptyResults should render correctly 1`] = `
<EmptyResults>
  <styled.div>
    <StyledComponent
      forwardedComponent={
        Object {
          "$$typeof": Symbol(react.forward_ref),
          "attrs": Array [],
          "componentStyle": ComponentStyle {
            "componentId": "sc-bdVaJa",
            "isStatic": true,
            "lastClassName": "bDWFJH",
            "rules": Array [],
          },
          "displayName": "styled.div",
          "foldedComponentIds": Array [],
          "render": [Function],
          "styledComponentId": "sc-bdVaJa",
          "target": "div",
          "toString": [Function],
          "warnTooManyClasses": [Function],
          "withComponent": [Function],
        }
      }
      forwardedRef={null}
    >
      <div
        className="sc-bdVaJa bDWFJH"
      >
        No results
      </div>
    </StyledComponent>
  </styled.div>
</EmptyResults>
`;
