// Jest Snapshot v1, https://goo.gl/fbAQLP

exports[`Header should render correctly 1`] = `
<Styled(Link)
  to="/"
>
  <styled.img
    src="logo.png"
  />
  <HeaderTextContainer />
</Styled(Link)>
`;
